<?xml version="1.0" encoding="UTF-8"?>
<testsuites name="jest tests" tests="5" failures="5" errors="0" time="0.54">
  <testsuite name="test/index.test.js" errors="0" failures="5" skipped="0" timestamp="2021-08-20T07:53:43" time="0.494" tests="5">
    <testcase classname="test date js format" name="test date js format" time="0.009">
      <failure>Error: expect(received).toBe(expected) // Object.is equality

Expected: &quot;2021/06月16日 早上08:50&quot;
Received: &quot;2021/06月16日 凌晨00:50&quot;
    at testFormat (/Users/lova/git/TaxiGo/datejs/test/index.test.js:12:47)
    at Object.it (/Users/lova/git/TaxiGo/datejs/test/index.test.js:15:3)
    at Object.asyncJestTest (/Users/lova/git/TaxiGo/datejs/node_modules/jest-jasmine2/build/jasmineAsyncInstall.js:106:37)
    at resolve (/Users/lova/git/TaxiGo/datejs/node_modules/jest-jasmine2/build/queueRunner.js:45:12)
    at new Promise (&lt;anonymous&gt;)
    at mapper (/Users/lova/git/TaxiGo/datejs/node_modules/jest-jasmine2/build/queueRunner.js:28:19)
    at promise.then (/Users/lova/git/TaxiGo/datejs/node_modules/jest-jasmine2/build/queueRunner.js:75:41)
    at process._tickCallback (internal/process/next_tick.js:68:7)</failure>
    </testcase>
    <testcase classname="test date js 昨天今天明天" name="test date js 昨天今天明天" time="0.001">
      <failure>Error: expect(received).toBe(expected) // Object.is equality

Expected: &quot;昨天早上08點50分&quot;
Received: &quot;昨天凌晨00點50分&quot;
    at compareDateJS (/Users/lova/git/TaxiGo/datejs/test/index.test.js:71:12)
    at Object.it (/Users/lova/git/TaxiGo/datejs/test/index.test.js:22:3)
    at Object.asyncJestTest (/Users/lova/git/TaxiGo/datejs/node_modules/jest-jasmine2/build/jasmineAsyncInstall.js:106:37)
    at resolve (/Users/lova/git/TaxiGo/datejs/node_modules/jest-jasmine2/build/queueRunner.js:45:12)
    at new Promise (&lt;anonymous&gt;)
    at mapper (/Users/lova/git/TaxiGo/datejs/node_modules/jest-jasmine2/build/queueRunner.js:28:19)
    at promise.then (/Users/lova/git/TaxiGo/datejs/node_modules/jest-jasmine2/build/queueRunner.js:75:41)
    at process._tickCallback (internal/process/next_tick.js:68:7)</failure>
    </testcase>
    <testcase classname="test date js 上週本週下週" name="test date js 上週本週下週" time="0.001">
      <failure>Error: expect(received).toBe(expected) // Object.is equality

Expected: &quot;上週六早上07點50分&quot;
Received: &quot;上週五晚上11點50分&quot;
    at compareDateJS (/Users/lova/git/TaxiGo/datejs/test/index.test.js:71:12)
    at Object.it (/Users/lova/git/TaxiGo/datejs/test/index.test.js:32:3)
    at Object.asyncJestTest (/Users/lova/git/TaxiGo/datejs/node_modules/jest-jasmine2/build/jasmineAsyncInstall.js:106:37)
    at resolve (/Users/lova/git/TaxiGo/datejs/node_modules/jest-jasmine2/build/queueRunner.js:45:12)
    at new Promise (&lt;anonymous&gt;)
    at mapper (/Users/lova/git/TaxiGo/datejs/node_modules/jest-jasmine2/build/queueRunner.js:28:19)
    at promise.then (/Users/lova/git/TaxiGo/datejs/node_modules/jest-jasmine2/build/queueRunner.js:75:41)
    at process._tickCallback (internal/process/next_tick.js:68:7)</failure>
    </testcase>
    <testcase classname="test date js 去年今年明年" name="test date js 去年今年明年" time="0">
      <failure>Error: expect(received).toBe(expected) // Object.is equality

Expected: &quot;去年十二月31日晚上11點59分&quot;
Received: &quot;去年十二月31日下午3點59分&quot;
    at compareDateJS (/Users/lova/git/TaxiGo/datejs/test/index.test.js:71:12)
    at Object.it (/Users/lova/git/TaxiGo/datejs/test/index.test.js:42:3)
    at Object.asyncJestTest (/Users/lova/git/TaxiGo/datejs/node_modules/jest-jasmine2/build/jasmineAsyncInstall.js:106:37)
    at resolve (/Users/lova/git/TaxiGo/datejs/node_modules/jest-jasmine2/build/queueRunner.js:45:12)
    at new Promise (&lt;anonymous&gt;)
    at mapper (/Users/lova/git/TaxiGo/datejs/node_modules/jest-jasmine2/build/queueRunner.js:28:19)
    at promise.then (/Users/lova/git/TaxiGo/datejs/node_modules/jest-jasmine2/build/queueRunner.js:75:41)
    at process._tickCallback (internal/process/next_tick.js:68:7)</failure>
    </testcase>
    <testcase classname="test date js 其他日" name="test date js 其他日" time="0.001">
      <failure>Error: expect(received).toBe(expected) // Object.is equality

Expected: &quot;2019年一月01日凌晨01點00分&quot;
Received: &quot;2018年十二月31日下午5點00分&quot;
    at compareDateJS (/Users/lova/git/TaxiGo/datejs/test/index.test.js:71:12)
    at Object.it (/Users/lova/git/TaxiGo/datejs/test/index.test.js:57:3)
    at Object.asyncJestTest (/Users/lova/git/TaxiGo/datejs/node_modules/jest-jasmine2/build/jasmineAsyncInstall.js:106:37)
    at resolve (/Users/lova/git/TaxiGo/datejs/node_modules/jest-jasmine2/build/queueRunner.js:45:12)
    at new Promise (&lt;anonymous&gt;)
    at mapper (/Users/lova/git/TaxiGo/datejs/node_modules/jest-jasmine2/build/queueRunner.js:28:19)
    at promise.then (/Users/lova/git/TaxiGo/datejs/node_modules/jest-jasmine2/build/queueRunner.js:75:41)
    at process._tickCallback (internal/process/next_tick.js:68:7)</failure>
    </testcase>
  </testsuite>
</testsuites>